Archive member included to satisfy reference by file (symbol)

c:/program files (x86)/gnu tools arm embedded/5.4 2016q3/bin/../lib/gcc/arm-none-eabi/5.4.1/armv7e-m\libgcc.a(_arm_addsubdf3.o)
                              ..\obj\tm_stm32f4_timer_properties.o (__aeabi_ui2d)
c:/program files (x86)/gnu tools arm embedded/5.4 2016q3/bin/../lib/gcc/arm-none-eabi/5.4.1/armv7e-m\libgcc.a(_arm_muldivdf3.o)
                              ..\obj\tm_stm32f4_timer_properties.o (__aeabi_ddiv)
c:/program files (x86)/gnu tools arm embedded/5.4 2016q3/bin/../lib/gcc/arm-none-eabi/5.4.1/armv7e-m\libgcc.a(_arm_cmpdf2.o)
                              ..\obj\tm_stm32f4_timer_properties.o (__aeabi_dcmpeq)
c:/program files (x86)/gnu tools arm embedded/5.4 2016q3/bin/../lib/gcc/arm-none-eabi/5.4.1/armv7e-m\libgcc.a(_arm_fixunsdfsi.o)
                              ..\obj\tm_stm32f4_timer_properties.o (__aeabi_d2uiz)
c:/program files (x86)/gnu tools arm embedded/5.4 2016q3/bin/../lib/gcc/arm-none-eabi/5.4.1/../../../../arm-none-eabi/lib/armv7e-m\libg.a(lib_a-malloc.o)
                              ..\obj\tm_stm32f4_delay.o (malloc)
c:/program files (x86)/gnu tools arm embedded/5.4 2016q3/bin/../lib/gcc/arm-none-eabi/5.4.1/../../../../arm-none-eabi/lib/armv7e-m\libg.a(lib_a-mallocr.o)
                              c:/program files (x86)/gnu tools arm embedded/5.4 2016q3/bin/../lib/gcc/arm-none-eabi/5.4.1/../../../../arm-none-eabi/lib/armv7e-m\libg.a(lib_a-malloc.o) (_malloc_r)
c:/program files (x86)/gnu tools arm embedded/5.4 2016q3/bin/../lib/gcc/arm-none-eabi/5.4.1/../../../../arm-none-eabi/lib/armv7e-m\libg.a(lib_a-mlock.o)
                              c:/program files (x86)/gnu tools arm embedded/5.4 2016q3/bin/../lib/gcc/arm-none-eabi/5.4.1/../../../../arm-none-eabi/lib/armv7e-m\libg.a(lib_a-mallocr.o) (__malloc_lock)
c:/program files (x86)/gnu tools arm embedded/5.4 2016q3/bin/../lib/gcc/arm-none-eabi/5.4.1/../../../../arm-none-eabi/lib/armv7e-m\libg.a(lib_a-sbrkr.o)
                              c:/program files (x86)/gnu tools arm embedded/5.4 2016q3/bin/../lib/gcc/arm-none-eabi/5.4.1/../../../../arm-none-eabi/lib/armv7e-m\libg.a(lib_a-mallocr.o) (_sbrk_r)
c:/program files (x86)/gnu tools arm embedded/5.4 2016q3/bin/../lib/gcc/arm-none-eabi/5.4.1/../../../../arm-none-eabi/lib/armv7e-m\libg.a(lib_a-freer.o)
                              c:/program files (x86)/gnu tools arm embedded/5.4 2016q3/bin/../lib/gcc/arm-none-eabi/5.4.1/../../../../arm-none-eabi/lib/armv7e-m\libg.a(lib_a-malloc.o) (_free_r)
c:/program files (x86)/gnu tools arm embedded/5.4 2016q3/bin/../lib/gcc/arm-none-eabi/5.4.1/../../../../arm-none-eabi/lib/armv7e-m\libg.a(lib_a-impure.o)
                              c:/program files (x86)/gnu tools arm embedded/5.4 2016q3/bin/../lib/gcc/arm-none-eabi/5.4.1/../../../../arm-none-eabi/lib/armv7e-m\libg.a(lib_a-malloc.o) (_impure_ptr)
c:/program files (x86)/gnu tools arm embedded/5.4 2016q3/bin/../lib/gcc/arm-none-eabi/5.4.1/../../../../arm-none-eabi/lib/armv7e-m\libg.a(lib_a-reent.o)
                              c:/program files (x86)/gnu tools arm embedded/5.4 2016q3/bin/../lib/gcc/arm-none-eabi/5.4.1/../../../../arm-none-eabi/lib/armv7e-m\libg.a(lib_a-sbrkr.o) (errno)

Allocating common symbols
Common symbol       size              file

ticker              0x4               ..\obj\main.o
APP_Tx_Buffer       0x800             ..\obj\usbd_cdc_vcp.o
errno               0x4               c:/program files (x86)/gnu tools arm embedded/5.4 2016q3/bin/../lib/gcc/arm-none-eabi/5.4.1/../../../../arm-none-eabi/lib/armv7e-m\libg.a(lib_a-reent.o)
user_pom            0x20              ..\obj\main.o
msg                 0x500             ..\obj\main.o
user                0x20              ..\obj\main.o
usbd_cdc_OtherCfgDesc
                    0x43              ..\obj\usbd_cdc_core.o
view                0x100             ..\obj\main.o
APP_tx_ptr_tail     0x4               ..\obj\usbd_cdc_vcp.o
downTicker          0x4               ..\obj\main.o
USB_Rx_Buffer       0x40              ..\obj\usbd_cdc_core.o
data                0x800             ..\obj\main.o
USART_InitStructure
                    0x10              ..\obj\usbd_cdc_vcp.o
CmdBuff             0x8               ..\obj\usbd_cdc_core.o
USB_OTG_dev         0x5f0             ..\obj\main.o
date                0x20              ..\obj\main.o
mult                0x4               ..\obj\tm_stm32f4_delay.o
APP_Rx_Buffer       0x800             ..\obj\usbd_cdc_core.o
USBD_StrDesc        0x32              ..\obj\usbd_req.o
APP_tx_ptr_head     0x4               ..\obj\usbd_cdc_vcp.o

Discarded input sections

 .text          0x00000000        0x0 ..\obj\stm32f4xx_syscfg.o
 .data          0x00000000        0x0 ..\obj\stm32f4xx_syscfg.o
 .bss           0x00000000        0x0 ..\obj\stm32f4xx_syscfg.o
 .text.SYSCFG_DeInit
                0x00000000       0x1c ..\obj\stm32f4xx_syscfg.o
 .text.SYSCFG_MemoryRemapConfig
                0x00000000       0x20 ..\obj\stm32f4xx_syscfg.o
[...]
Memory Configuration

Name             Origin             Length             Attributes
rom              0x08000000         0x00100000         xr
ram              0x20000000         0x00020000         xrw
ram1             0x10000000         0x00010000         xrw
*default*        0x00000000         0xffffffff

Linker script and memory map

                0x20020000                _eram = 0x20020000

.text           0x08000000     0x5e9a
 *(.isr_vector)
 .isr_vector    0x08000000      0x188 ..\obj\startup_stm32f4xx.o
                0x08000000                g_pfnVectors
 *(.text*)
 .text.SYSCFG_EXTILineConfig
                0x08000188       0x84 ..\obj\stm32f4xx_syscfg.o
                0x08000188                SYSCFG_EXTILineConfig
 .text.USB_OTG_EnableCommonInt
                0x0800020c       0x44 ..\obj\usb_core.o
 .text.USB_OTG_CoreReset
                0x08000250       0x90 ..\obj\usb_core.o
 .text.USB_OTG_WritePacket
                0x080002e0       0x74 ..\obj\usb_core.o
                0x080002e0                USB_OTG_WritePacket
 .text.USB_OTG_ReadPacket
                0x08000354       0x58 ..\obj\usb_core.o
                0x08000354                USB_OTG_ReadPacket
 .text.USB_OTG_SelectCore
                0x080003ac      0x174 ..\obj\usb_core.o
                0x080003ac                USB_OTG_SelectCore
 .text.USB_OTG_CoreInit
                0x08000520      0x1dc ..\obj\usb_core.o
                0x08000520                USB_OTG_CoreInit
 .text.USB_OTG_EnableGlobalInt
                0x080006fc       0x34 ..\obj\usb_core.o
                0x080006fc                USB_OTG_EnableGlobalInt
 .text.USB_OTG_DisableGlobalInt
                0x08000730       0x38 ..\obj\usb_core.o
                0x08000730                USB_OTG_DisableGlobalInt
 .text.USB_OTG_FlushTxFifo
                0x08000768       0x74 ..\obj\usb_core.o
                0x08000768                USB_OTG_FlushTxFifo
 .text.USB_OTG_FlushRxFifo
                0x080007dc       0x60 ..\obj\usb_core.o
                0x080007dc                USB_OTG_FlushRxFifo
 .text.USB_OTG_SetCurrentMode
                0x0800083c       0x60 ..\obj\usb_core.o
                0x0800083c                USB_OTG_SetCurrentMode
 .text.USB_OTG_GetMode
                0x0800089c       0x1c ..\obj\usb_core.o
                0x0800089c                USB_OTG_GetMode
 .text.USB_OTG_IsDeviceMode
                0x080008b8       0x24 ..\obj\usb_core.o
                0x080008b8                USB_OTG_IsDeviceMode
 .text.USB_OTG_ReadCoreItr
                0x080008dc       0x2c ..\obj\usb_core.o
                0x080008dc                USB_OTG_ReadCoreItr
 .text.USB_OTG_InitDevSpeed
                0x08000908       0x38 ..\obj\usb_core.o
                0x08000908                USB_OTG_InitDevSpeed
 .text.USB_OTG_CoreInitDev
                0x08000940      0x264 ..\obj\usb_core.o
                0x08000940                USB_OTG_CoreInitDev
 .text.USB_OTG_EnableDevInt
                0x08000ba4       0x98 ..\obj\usb_core.o
                0x08000ba4                USB_OTG_EnableDevInt
 .text.USB_OTG_GetDeviceSpeed
                0x08000c3c       0x48 ..\obj\usb_core.o
                0x08000c3c                USB_OTG_GetDeviceSpeed
 .text.USB_OTG_EP0Activate
                0x08000c84       0x74 ..\obj\usb_core.o
                0x08000c84                USB_OTG_EP0Activate
 .text.USB_OTG_EPActivate
                0x08000cf8       0xdc ..\obj\usb_core.o
                0x08000cf8                USB_OTG_EPActivate
 .text.USB_OTG_EPDeactivate
                0x08000dd4       0x88 ..\obj\usb_core.o
                0x08000dd4                USB_OTG_EPDeactivate
 .text.USB_OTG_EPStartXfer
                0x08000e5c      0x280 ..\obj\usb_core.o
                0x08000e5c                USB_OTG_EPStartXfer
 .text.USB_OTG_EP0StartXfer
                0x080010dc      0x1d4 ..\obj\usb_core.o
                0x080010dc                USB_OTG_EP0StartXfer
 .text.USB_OTG_EPSetStall
                0x080012b0       0x84 ..\obj\usb_core.o
                0x080012b0                USB_OTG_EPSetStall
 .text.USB_OTG_EPClearStall
                0x08001334       0x74 ..\obj\usb_core.o
                0x08001334                USB_OTG_EPClearStall
 .text.USB_OTG_ReadDevAllOutEp_itr
                0x080013a8       0x2c ..\obj\usb_core.o
                0x080013a8                USB_OTG_ReadDevAllOutEp_itr
 .text.USB_OTG_ReadDevOutEP_itr
                0x080013d4       0x34 ..\obj\usb_core.o
                0x080013d4                USB_OTG_ReadDevOutEP_itr
 .text.USB_OTG_ReadDevAllInEPItr
                0x08001408       0x2c ..\obj\usb_core.o
                0x08001408                USB_OTG_ReadDevAllInEPItr
 .text.USB_OTG_EP0_OutStart
                0x08001434       0x70 ..\obj\usb_core.o
                0x08001434                USB_OTG_EP0_OutStart
 .text.USB_OTG_UngateClock
                0x080014a4       0x54 ..\obj\usb_core.o
                0x080014a4                USB_OTG_UngateClock
 .text.Delay    0x080014f8       0x58 ..\obj\tm_stm32f4_hd44780.o
 .text.TM_HD44780_Init
                0x08001550       0xd0 ..\obj\tm_stm32f4_hd44780.o
                0x08001550                TM_HD44780_Init
 .text.TM_HD44780_Clear
                0x08001620       0x18 ..\obj\tm_stm32f4_hd44780.o
                0x08001620                TM_HD44780_Clear
 .text.TM_HD44780_Puts
                0x08001638       0xb8 ..\obj\tm_stm32f4_hd44780.o
                0x08001638                TM_HD44780_Puts
 .text.TM_HD44780_PutsVCP
                0x080016f0       0xf4 ..\obj\tm_stm32f4_hd44780.o
                0x080016f0                TM_HD44780_PutsVCP
 .text.TM_HD44780_DisplayOn
                0x080017e4       0x2c ..\obj\tm_stm32f4_hd44780.o
                0x080017e4                TM_HD44780_DisplayOn
 .text.TM_HD44780_ScrollLeft
                0x08001810       0x10 ..\obj\tm_stm32f4_hd44780.o
                0x08001810                TM_HD44780_ScrollLeft
 .text.TM_HD44780_Cmd
                0x08001820       0x38 ..\obj\tm_stm32f4_hd44780.o
 .text.TM_HD44780_Data
                0x08001858       0x38 ..\obj\tm_stm32f4_hd44780.o
 .text.TM_HD44780_Cmd4bit
                0x08001890       0xa4 ..\obj\tm_stm32f4_hd44780.o
 .text.TM_HD44780_CursorSet
                0x08001934       0x68 ..\obj\tm_stm32f4_hd44780.o
 .text.TM_HD44780_InitPins
                0x0800199c       0xc0 ..\obj\tm_stm32f4_hd44780.o
 .text.USBD_USR_Init
                0x08001a5c        0xc ..\obj\usbd_usr.o
                0x08001a5c                USBD_USR_Init
 .text.USBD_USR_DeviceReset
                0x08001a68       0x28 ..\obj\usbd_usr.o
                0x08001a68                USBD_USR_DeviceReset
 .text.USBD_USR_DeviceConfigured
                0x08001a90        0xc ..\obj\usbd_usr.o
                0x08001a90                USBD_USR_DeviceConfigured
 .text.USBD_USR_DeviceConnected
                0x08001a9c        0xc ..\obj\usbd_usr.o
                0x08001a9c                USBD_USR_DeviceConnected
 .text.USBD_USR_DeviceDisconnected
                0x08001aa8        0xc ..\obj\usbd_usr.o
                0x08001aa8                USBD_USR_DeviceDisconnected
 .text.USBD_USR_DeviceSuspended
                0x08001ab4        0xc ..\obj\usbd_usr.o
                0x08001ab4                USBD_USR_DeviceSuspended
 .text.USBD_USR_DeviceResumed
                0x08001ac0        0xc ..\obj\usbd_usr.o
                0x08001ac0                USBD_USR_DeviceResumed
 .text.Default_Reset_Handler
                0x08001acc       0x5c ..\obj\startup_stm32f4xx.o
                0x08001acc                Default_Reset_Handler
                0x08001acc                Reset_Handler
 .text.Default_Handler
                0x08001b28        0x8 ..\obj\startup_stm32f4xx.o
                0x08001b28                RTC_Alarm_IRQHandler
                0x08001b28                HASH_RNG_IRQHandler
                0x08001b28                EXTI2_IRQHandler
                0x08001b28                TIM8_CC_IRQHandler
                0x08001b28                TIM1_CC_IRQHandler
                0x08001b28                DMA2_Stream5_IRQHandler
                0x08001b28                DMA1_Stream5_IRQHandler
                0x08001b28                PVD_IRQHandler
                0x08001b28                SDIO_IRQHandler
                0x08001b28                TAMP_STAMP_IRQHandler
                0x08001b28                CAN2_RX1_IRQHandler
                0x08001b28                EXTI3_IRQHandler
                0x08001b28                TIM8_TRG_COM_TIM14_IRQHandler
                0x08001b28                TIM1_UP_TIM10_IRQHandler
                0x08001b28                TIM8_UP_TIM13_IRQHandler
                0x08001b28                I2C3_ER_IRQHandler
                0x08001b28                I2C2_EV_IRQHandler
                0x08001b28                DMA1_Stream2_IRQHandler
                0x08001b28                CAN1_RX0_IRQHandler
                0x08001b28                FPU_IRQHandler
                0x08001b28                OTG_HS_WKUP_IRQHandler
                0x08001b28                CAN2_SCE_IRQHandler
                0x08001b28                DMA2_Stream2_IRQHandler
                0x08001b28                SPI1_IRQHandler
                0x08001b28                TIM6_DAC_IRQHandler
                0x08001b28                TIM1_BRK_TIM9_IRQHandler
                0x08001b28                DCMI_IRQHandler
                0x08001b28                CAN2_RX0_IRQHandler
                0x08001b28                DMA2_Stream3_IRQHandler
                0x08001b28                USART6_IRQHandler
                0x08001b28                USART3_IRQHandler
                0x08001b28                CRYP_IRQHandler
                0x08001b28                CAN1_RX1_IRQHandler
                0x08001b28                UART5_IRQHandler
                0x08001b28                DMA2_Stream0_IRQHandler
                0x08001b28                I2C1_EV_IRQHandler
                0x08001b28                DMA1_Stream6_IRQHandler
                0x08001b28                DMA1_Stream1_IRQHandler
                0x08001b28                UART4_IRQHandler
                0x08001b28                TIM3_IRQHandler
                0x08001b28                RCC_IRQHandler
                0x08001b28                TIM8_BRK_TIM12_IRQHandler
                0x08001b28                EXTI15_10_IRQHandler
                0x08001b28                ADC_IRQHandler
                0x08001b28                DMA1_Stream7_IRQHandler
                0x08001b28                TIM7_IRQHandler
                0x08001b28                CAN2_TX_IRQHandler
                0x08001b28                TIM5_IRQHandler
                0x08001b28                DMA2_Stream7_IRQHandler
                0x08001b28                I2C3_EV_IRQHandler
                0x08001b28                EXTI9_5_IRQHandler
                0x08001b28                RTC_WKUP_IRQHandler
                0x08001b28                ETH_WKUP_IRQHandler
                0x08001b28                SPI2_IRQHandler
                0x08001b28                OTG_HS_EP1_IN_IRQHandler
                0x08001b28                DMA1_Stream0_IRQHandler
                0x08001b28                CAN1_TX_IRQHandler
                0x08001b28                EXTI4_IRQHandler
                0x08001b28                FSMC_IRQHandler
                0x08001b28                ETH_IRQHandler
                0x08001b28                OTG_HS_EP1_OUT_IRQHandler
                0x08001b28                WWDG_IRQHandler
                0x08001b28                TIM1_TRG_COM_TIM11_IRQHandler
                0x08001b28                OTG_HS_IRQHandler
                0x08001b28                USART2_IRQHandler
                0x08001b28                I2C2_ER_IRQHandler
                0x08001b28                DMA2_Stream1_IRQHandler
                0x08001b28                CAN1_SCE_IRQHandler
                0x08001b28                FLASH_IRQHandler
                0x08001b28                DMA2_Stream4_IRQHandler
                0x08001b28                USART1_IRQHandler
                0x08001b28                SPI3_IRQHandler
                0x08001b28                DMA1_Stream4_IRQHandler
                0x08001b28                I2C1_ER_IRQHandler
                0x08001b28                DMA2_Stream6_IRQHandler
                0x08001b28                DMA1_Stream3_IRQHandler
 .text.USBD_Init
                0x08001b30       0x58 ..\obj\usbd_core.o
                0x08001b30                USBD_Init
 .text.USBD_DeInit
                0x08001b88       0x14 ..\obj\usbd_core.o
                0x08001b88                USBD_DeInit
 .text.USBD_SetupStage
                0x08001b9c       0x6c ..\obj\usbd_core.o
 .text.USBD_DataOutStage
                0x08001c08       0xcc ..\obj\usbd_core.o
 .text.USBD_DataInStage
                0x08001cd4      0x104 ..\obj\usbd_core.o
 .text.USBD_Reset
                0x08001dd8       0x44 ..\obj\usbd_core.o
 .text.USBD_Resume
                0x08001e1c       0x24 ..\obj\usbd_core.o
 .text.USBD_Suspend
                0x08001e40       0x24 ..\obj\usbd_core.o
 .text.USBD_SOF
                0x08001e64       0x2c ..\obj\usbd_core.o
 .text.USBD_SetCfg
                0x08001e90       0x30 ..\obj\usbd_core.o
                0x08001e90                USBD_SetCfg
 .text.USBD_ClrCfg
                0x08001ec0       0x28 ..\obj\usbd_core.o
                0x08001ec0                USBD_ClrCfg
 .text.USBD_IsoINIncomplete
                0x08001ee8       0x20 ..\obj\usbd_core.o
 .text.USBD_IsoOUTIncomplete
                0x08001f08       0x20 ..\obj\usbd_core.o
 .text.NVIC_SetPriority
                0x08001f28       0x54 ..\obj\main.o
 .text.SysTick_Config
                0x08001f7c       0x44 ..\obj\main.o
 .text.Delayms  0x08001fc0       0x58 ..\obj\main.o
 .text.TIM2_IRQHandler
                0x08002018       0x84 ..\obj\main.o
                0x08002018                TIM2_IRQHandler
 .text.TIM4_IRQHandler
                0x0800209c       0x84 ..\obj\main.o
                0x0800209c                TIM4_IRQHandler
 .text.EXTI1_IRQHandler
                0x08002120       0x28 ..\obj\main.o
                0x08002120                EXTI1_IRQHandler
 .text.EXTI0_IRQHandler
                0x08002148       0x24 ..\obj\main.o
                0x08002148                EXTI0_IRQHandler
 .text.update   0x0800216c       0x68 ..\obj\main.o
                0x0800216c                update
 .text.main     0x080021d4      0x800 ..\obj\main.o
                0x080021d4                main
 .text.init     0x080029d4       0x80 ..\obj\main.o
                0x080029d4                init
 .text.ColorfulRingOfDeath
                0x08002a54       0x4c ..\obj\main.o
                0x08002a54                ColorfulRingOfDeath
 .text.NMI_Handler
                0x08002aa0        0xc ..\obj\main.o
                0x08002aa0                NMI_Handler
 .text.HardFault_Handler
                0x08002aac        0xc ..\obj\main.o
                0x08002aac                HardFault_Handler
 .text.MemManage_Handler
                0x08002ab8        0xc ..\obj\main.o
                0x08002ab8                MemManage_Handler
 .text.BusFault_Handler
                0x08002ac4        0xc ..\obj\main.o
                0x08002ac4                BusFault_Handler
 .text.UsageFault_Handler
                0x08002ad0        0xc ..\obj\main.o
                0x08002ad0                UsageFault_Handler
 .text.SVC_Handler
                0x08002adc        0xc ..\obj\main.o
                0x08002adc                SVC_Handler
 .text.DebugMon_Handler
                0x08002ae8        0xc ..\obj\main.o
                0x08002ae8                DebugMon_Handler
 .text.PendSV_Handler
                0x08002af4        0xc ..\obj\main.o
                0x08002af4                PendSV_Handler
 .text.OTG_FS_IRQHandler
                0x08002b00       0x14 ..\obj\main.o
                0x08002b00                OTG_FS_IRQHandler
 .text.OTG_FS_WKUP_IRQHandler
                0x08002b14       0x38 ..\obj\main.o
                0x08002b14                OTG_FS_WKUP_IRQHandler
 .text.RCC_AHB1PeriphClockCmd
                0x08002b4c       0x3c ..\obj\stm32f4xx_rcc.o
                0x08002b4c                RCC_AHB1PeriphClockCmd
 .text.RCC_AHB2PeriphClockCmd
                0x08002b88       0x3c ..\obj\stm32f4xx_rcc.o
                0x08002b88                RCC_AHB2PeriphClockCmd
 .text.RCC_APB1PeriphClockCmd
                0x08002bc4       0x3c ..\obj\stm32f4xx_rcc.o
                0x08002bc4                RCC_APB1PeriphClockCmd
 .text.RCC_APB2PeriphClockCmd
                0x08002c00       0x3c ..\obj\stm32f4xx_rcc.o
                0x08002c00                RCC_APB2PeriphClockCmd
 .text.RCC_APB1PeriphResetCmd
                0x08002c3c       0x3c ..\obj\stm32f4xx_rcc.o
                0x08002c3c                RCC_APB1PeriphResetCmd
 .text.ADC_Init
                0x08002c78       0xa8 ..\obj\stm32f4xx_adc.o
                0x08002c78                ADC_Init
 .text.ADC_CommonInit
                0x08002d20       0x50 ..\obj\stm32f4xx_adc.o
                0x08002d20                ADC_CommonInit
 .text.ADC_Cmd  0x08002d70       0x38 ..\obj\stm32f4xx_adc.o
                0x08002d70                ADC_Cmd
 .text.ADC_RegularChannelConfig
                0x08002da8      0x194 ..\obj\stm32f4xx_adc.o
                0x08002da8                ADC_RegularChannelConfig
 .text.NVIC_SetPriority
                0x08002f3c       0x54 ..\obj\tm_stm32f4_delay.o
 .text.SysTick_Config
                0x08002f90       0x44 ..\obj\tm_stm32f4_delay.o
 .text.SysTick_Handler
                0x08002fd4       0xf0 ..\obj\tm_stm32f4_delay.o
                0x08002fd4                SysTick_Handler
 .text.TM_DELAY_Init
                0x080030c4       0x50 ..\obj\tm_stm32f4_delay.o
                0x080030c4                TM_DELAY_Init
 .text.USBD_USR_DeviceDescriptor
                0x08003114       0x24 ..\obj\usbd_desc.o
                0x08003114                USBD_USR_DeviceDescriptor
 .text.USBD_USR_LangIDStrDescriptor
                0x08003138       0x24 ..\obj\usbd_desc.o
                0x08003138                USBD_USR_LangIDStrDescriptor
 .text.USBD_USR_ProductStrDescriptor
                0x0800315c       0x40 ..\obj\usbd_desc.o
                0x0800315c                USBD_USR_ProductStrDescriptor
 .text.USBD_USR_ManufacturerStrDescriptor
                0x0800319c       0x28 ..\obj\usbd_desc.o
                0x0800319c                USBD_USR_ManufacturerStrDescriptor
 .text.USBD_USR_SerialStrDescriptor
                0x080031c4       0x40 ..\obj\usbd_desc.o
                0x080031c4                USBD_USR_SerialStrDescriptor
 .text.USBD_USR_ConfigStrDescriptor
                0x08003204       0x3c ..\obj\usbd_desc.o
                0x08003204                USBD_USR_ConfigStrDescriptor
 .text.USBD_USR_InterfaceStrDescriptor
                0x08003240       0x3c ..\obj\usbd_desc.o
                0x08003240                USBD_USR_InterfaceStrDescriptor
 .text.GPIO_Init
                0x0800327c      0x11c ..\obj\stm32f4xx_gpio.o
                0x0800327c                GPIO_Init
 .text.GPIO_ReadInputDataBit
                0x08003398       0x34 ..\obj\stm32f4xx_gpio.o
                0x08003398                GPIO_ReadInputDataBit
 .text.GPIO_SetBits
                0x080033cc       0x1c ..\obj\stm32f4xx_gpio.o
                0x080033cc                GPIO_SetBits
 .text.GPIO_ResetBits
                0x080033e8       0x1c ..\obj\stm32f4xx_gpio.o
                0x080033e8                GPIO_ResetBits
 .text.GPIO_PinAFConfig
                0x08003404       0x90 ..\obj\stm32f4xx_gpio.o
                0x08003404                GPIO_PinAFConfig
 .text.VCP_Init
                0x08003494       0x10 ..\obj\usbd_cdc_vcp.o
 .text.VCP_DeInit
                0x080034a4       0x10 ..\obj\usbd_cdc_vcp.o
 .text.VCP_Ctrl
                0x080034b4      0x110 ..\obj\usbd_cdc_vcp.o
 .text.VCP_send_str
                0x080035c4       0x30 ..\obj\usbd_cdc_vcp.o
                0x080035c4                VCP_send_str
 .text.VCP_DataTx
                0x080035f4       0x5c ..\obj\usbd_cdc_vcp.o
 .text.VCP_DataRx
                0x08003650       0x70 ..\obj\usbd_cdc_vcp.o
 .text.VCP_get_string
                0x080036c0      0x124 ..\obj\usbd_cdc_vcp.o
                0x080036c0                VCP_get_string
 .text.SystemInit
                0x080037e4       0x5c ..\obj\system_stm32f4xx.o
                0x080037e4                SystemInit
 .text.SetSysClock
                0x08003840       0xf4 ..\obj\system_stm32f4xx.o
 .text.USB_OTG_BSP_Init
                0x08003934       0xb0 ..\obj\usb_bsp.o
                0x08003934                USB_OTG_BSP_Init
 .text.USB_OTG_BSP_EnableInterrupt
                0x080039e4       0x34 ..\obj\usb_bsp.o
                0x080039e4                USB_OTG_BSP_EnableInterrupt
 .text.USB_OTG_BSP_uDelay
                0x08003a18       0x48 ..\obj\usb_bsp.o
                0x08003a18                USB_OTG_BSP_uDelay
 .text.USB_OTG_BSP_mDelay
                0x08003a60       0x20 ..\obj\usb_bsp.o
                0x08003a60                USB_OTG_BSP_mDelay
 .text.USBD_StdDevReq
                0x08003a80       0xa0 ..\obj\usbd_req.o
                0x08003a80                USBD_StdDevReq
 .text.USBD_StdItfReq
                0x08003b20       0x68 ..\obj\usbd_req.o
                0x08003b20                USBD_StdItfReq
 .text.USBD_StdEPReq
                0x08003b88      0x1b0 ..\obj\usbd_req.o
                0x08003b88                USBD_StdEPReq
 .text.USBD_GetDescriptor
                0x08003d38      0x1a8 ..\obj\usbd_req.o
 .text.USBD_SetAddress
                0x08003ee0       0x7c ..\obj\usbd_req.o
 .text.USBD_SetConfig
                0x08003f5c       0xf4 ..\obj\usbd_req.o
 .text.USBD_GetConfig
                0x08004050       0x60 ..\obj\usbd_req.o
 .text.USBD_GetStatus
                0x080040b0       0x50 ..\obj\usbd_req.o
 .text.USBD_SetFeature
                0x08004100       0xd0 ..\obj\usbd_req.o
 .text.USBD_ClrFeature
                0x080041d0       0x50 ..\obj\usbd_req.o
 .text.USBD_ParseSetupRequest
                0x08004220       0x90 ..\obj\usbd_req.o
                0x08004220                USBD_ParseSetupRequest
 .text.USBD_CtlError
                0x080042b0       0x48 ..\obj\usbd_req.o
                0x080042b0                USBD_CtlError
 .text.USBD_GetString
                0x080042f8       0x88 ..\obj\usbd_req.o
                0x080042f8                USBD_GetString
 .text.USBD_GetLen
                0x08004380       0x30 ..\obj\usbd_req.o
 .text.USBD_OTG_ISR_Handler
                0x080043b0      0x15c ..\obj\usb_dcd_int.o
                0x080043b0                USBD_OTG_ISR_Handler
 .text.DCD_HandleResume_ISR
                0x0800450c       0x80 ..\obj\usb_dcd_int.o
 .text.DCD_HandleUSBSuspend_ISR
                0x0800458c       0x9c ..\obj\usb_dcd_int.o
 .text.DCD_HandleInEP_ISR
                0x08004628      0x1ec ..\obj\usb_dcd_int.o
 .text.DCD_HandleOutEP_ISR
                0x08004814      0x178 ..\obj\usb_dcd_int.o
 .text.DCD_HandleSof_ISR
                0x0800498c       0x34 ..\obj\usb_dcd_int.o
 .text.DCD_HandleRxStatusQueueLevel_ISR
                0x080049c0      0x104 ..\obj\usb_dcd_int.o
 .text.DCD_WriteEmptyTxFifo
                0x08004ac4       0xe4 ..\obj\usb_dcd_int.o
 .text.DCD_HandleUsbReset_ISR
                0x08004ba8      0x138 ..\obj\usb_dcd_int.o
 .text.DCD_HandleEnumDone_ISR
                0x08004ce0       0x78 ..\obj\usb_dcd_int.o
 .text.DCD_IsoINIncomplete_ISR
                0x08004d58       0x34 ..\obj\usb_dcd_int.o
 .text.DCD_IsoOUTIncomplete_ISR
                0x08004d8c       0x34 ..\obj\usb_dcd_int.o
 .text.DCD_ReadDevInEP
                0x08004dc0       0x50 ..\obj\usb_dcd_int.o
 .text.usbd_cdc_Init
                0x08004e10       0x84 ..\obj\usbd_cdc_core.o
 .text.usbd_cdc_DeInit
                0x08004e94       0x38 ..\obj\usbd_cdc_core.o
 .text.usbd_cdc_Setup
                0x08004ecc      0x11c ..\obj\usbd_cdc_core.o
 .text.usbd_cdc_EP0_RxReady
                0x08004fe8       0x40 ..\obj\usbd_cdc_core.o
 .text.usbd_cdc_DataIn
                0x08005028       0xc0 ..\obj\usbd_cdc_core.o
 .text.usbd_cdc_DataOut
                0x080050e8       0x54 ..\obj\usbd_cdc_core.o
 .text.usbd_cdc_SOF
                0x0800513c       0x30 ..\obj\usbd_cdc_core.o
 .text.Handle_USBAsynchXfer
                0x0800516c      0x100 ..\obj\usbd_cdc_core.o
 .text.USBD_cdc_GetCfgDesc
                0x0800526c       0x24 ..\obj\usbd_cdc_core.o
 .text.EXTI_Init
                0x08005290       0xe4 ..\obj\stm32f4xx_exti.o
                0x08005290                EXTI_Init
 .text.EXTI_GetITStatus
                0x08005374       0x48 ..\obj\stm32f4xx_exti.o
                0x08005374                EXTI_GetITStatus
 .text.EXTI_ClearITPendingBit
                0x080053bc       0x1c ..\obj\stm32f4xx_exti.o
                0x080053bc                EXTI_ClearITPendingBit
 .text.NVIC_PriorityGroupConfig
                0x080053d8       0x24 ..\obj\misc.o
                0x080053d8                NVIC_PriorityGroupConfig
 .text.NVIC_Init
                0x080053fc       0xc0 ..\obj\misc.o
                0x080053fc                NVIC_Init
 .text.DCD_Init
                0x080054bc      0x104 ..\obj\usb_dcd.o
                0x080054bc                DCD_Init
 .text.DCD_EP_Open
                0x080055c0       0xac ..\obj\usb_dcd.o
                0x080055c0                DCD_EP_Open
 .text.DCD_EP_Close
                0x0800566c       0x74 ..\obj\usb_dcd.o
                0x0800566c                DCD_EP_Close
 .text.DCD_EP_PrepareRx
                0x080056e0       0x84 ..\obj\usb_dcd.o
                0x080056e0                DCD_EP_PrepareRx
 .text.DCD_EP_Tx
                0x08005764       0x78 ..\obj\usb_dcd.o
                0x08005764                DCD_EP_Tx
 .text.DCD_EP_Stall
                0x080057dc       0x78 ..\obj\usb_dcd.o
                0x080057dc                DCD_EP_Stall
 .text.DCD_EP_ClrStall
                0x08005854       0x78 ..\obj\usb_dcd.o
                0x08005854                DCD_EP_ClrStall
 .text.DCD_EP_SetAddress
                0x080058cc       0x3c ..\obj\usb_dcd.o
                0x080058cc                DCD_EP_SetAddress
 .text.TM_GPIO_Init
                0x08005908       0x48 ..\obj\tm_stm32f4_gpio.o
                0x08005908                TM_GPIO_Init
 .text.TM_GPIO_GetPortSource
                0x08005950       0x20 ..\obj\tm_stm32f4_gpio.o
                0x08005950                TM_GPIO_GetPortSource
 .text.TM_GPIO_INT_EnableClock
                0x08005970       0x30 ..\obj\tm_stm32f4_gpio.o
                0x08005970                TM_GPIO_INT_EnableClock
 .text.TM_GPIO_INT_Init
                0x080059a0      0x10c ..\obj\tm_stm32f4_gpio.o
                0x080059a0                TM_GPIO_INT_Init
 .text.USBD_CtlSendData
                0x08005aac       0x40 ..\obj\usbd_ioreq.o
                0x08005aac                USBD_CtlSendData
 .text.USBD_CtlContinueSendData
                0x08005aec       0x28 ..\obj\usbd_ioreq.o
                0x08005aec                USBD_CtlContinueSendData
 .text.USBD_CtlPrepareRx
                0x08005b14       0x40 ..\obj\usbd_ioreq.o
                0x08005b14                USBD_CtlPrepareRx
 .text.USBD_CtlContinueRx
                0x08005b54       0x28 ..\obj\usbd_ioreq.o
                0x08005b54                USBD_CtlContinueRx
 .text.USBD_CtlSendStatus
                0x08005b7c       0x30 ..\obj\usbd_ioreq.o
                0x08005b7c                USBD_CtlSendStatus
 .text.USBD_CtlReceiveStatus
                0x08005bac       0x30 ..\obj\usbd_ioreq.o
                0x08005bac                USBD_CtlReceiveStatus
 .text.TIM_TimeBaseInit
                0x08005bdc       0xd4 ..\obj\stm32f4xx_tim.o
                0x08005bdc                TIM_TimeBaseInit
 .text.TIM_SetCounter
                0x08005cb0       0x1c ..\obj\stm32f4xx_tim.o
                0x08005cb0                TIM_SetCounter
 .text.TIM_Cmd  0x08005ccc       0x40 ..\obj\stm32f4xx_tim.o
                0x08005ccc                TIM_Cmd
 .text.TIM_ITConfig
                0x08005d0c       0x48 ..\obj\stm32f4xx_tim.o
                0x08005d0c                TIM_ITConfig
 .text.TIM_GetITStatus
                0x08005d54       0x54 ..\obj\stm32f4xx_tim.o
                0x08005d54                TIM_GetITStatus
 .text.TIM_ClearITPendingBit
                0x08005da8       0x20 ..\obj\stm32f4xx_tim.o
                0x08005da8                TIM_ClearITPendingBit
 *(.init)
 *(.fini)
 *crtbegin.o(.ctors)
 *crtbegin?.o(.ctors)
 *(EXCLUDE_FILE(*crtend.o *crtend?.o) .ctors)
 *(SORT(.ctors.*))
 *(.ctors)
 *crtbegin.o(.dtors)
 *crtbegin?.o(.dtors)
 *(EXCLUDE_FILE(*crtend.o *crtend?.o) .dtors)
 *(SORT(.dtors.*))
 *(.dtors)
 *(.rodata*)
 .rodata        0x08005dc8        0x4 ..\obj\tm_stm32f4_hd44780.o
 .rodata        0x08005dcc       0x35 ..\obj\main.o
 *fill*         0x08005e01        0x3 
 .rodata        0x08005e04       0x96 ..\obj\usbd_desc.o
 *(.eh_fram e*)

.glue_7         0x08005e9c        0x0
 .glue_7        0x08005e9c        0x0 linker stubs

.glue_7t        0x08005e9c        0x0
 .glue_7t       0x08005e9c        0x0 linker stubs

.vfp11_veneer   0x08005e9c        0x0
 .vfp11_veneer  0x08005e9c        0x0 linker stubs

.v4_bx          0x08005e9c        0x0
 .v4_bx         0x08005e9c        0x0 linker stubs

.iplt           0x08005e9c        0x0
 .iplt          0x08005e9c        0x0 ..\obj\stm32f4xx_syscfg.o

.rel.dyn        0x08005e9c        0x0
 .rel.iplt      0x08005e9c        0x0 ..\obj\stm32f4xx_syscfg.o

.ARM.extab
 *(.ARM.extab* .gnu.linkonce.armextab.*)
                0x08005e9c                __exidx_start = .

.ARM.exidx
 *(.ARM.exidx* .gnu.linkonce.armexidx.*)
                0x08005e9c                __exidx_end = .
                0x08005e9c                __etext = .
                0x08005e9a                _sidata = __etext

.data           0x20000000      0x130 load address 0x08005e9a
                0x20000000                __data_start__ = .
                0x20000000                _sdata = __data_start__
 *(vtable)
 *(.data*)
 .data          0x20000000       0x1c ..\obj\usbd_usr.o
                0x20000000                USR_cb
 .data          0x2000001c       0x30 ..\obj\usbd_core.o
                0x2000001c                USBD_DCD_INT_cb
                0x20000048                USBD_DCD_INT_fops
 .data          0x2000004c       0x40 ..\obj\usbd_desc.o
                0x2000004c                USR_desc
                0x20000068                USBD_DeviceDesc
                0x2000007c                USBD_DeviceQualifierDesc
                0x20000088                USBD_LangIDDesc
 .data          0x2000008c       0x1c ..\obj\usbd_cdc_vcp.o
                0x2000008c                linecoding
                0x20000094                VCP_fops
 .data          0x200000a8       0x14 ..\obj\system_stm32f4xx.o
                0x200000a8                SystemCoreClock
                0x200000ac                AHBPrescTable
 .data          0x200000bc       0x74 ..\obj\usbd_cdc_core.o
                0x200000bc                usbd_cdc_CfgDesc
                0x20000104                USBD_CDC_cb
                0x20000130                . = ALIGN (0x4)
                [!provide]                PROVIDE (__preinit_array_start, .)
 *(.preinit_array)
                [!provide]                PROVIDE (__preinit_array_end, .)
                0x20000130                . = ALIGN (0x4)
                [!provide]                PROVIDE (__init_array_start, .)
 *(SORT(.init_array.*))
 *(.init_array)
                [!provide]                PROVIDE (__init_array_end, .)
                0x20000130                . = ALIGN (0x4)
                [!provide]                PROVIDE (__fini_array_start, .)
 *(SORT(.fini_array.*))
 *(.fini_array)
                [!provide]                PROVIDE (__fini_array_end, .)
 *(.jcr*)
                0x20000130                . = ALIGN (0x4)
                0x20000130                __data_end__ = .
                0x20000130                _edata = __data_end__

.igot.plt       0x20000130        0x0 load address 0x08005fcc
 .igot.plt      0x20000130        0x0 ..\obj\stm32f4xx_syscfg.o

.bss            0x20000130     0x25c0 load address 0x08005fcc
                0x20000130                . = ALIGN (0x4)
                0x20000130                __bss_start__ = .
                0x20000130                _sbss = __bss_start__
 *(.bss*)
 .bss           0x20000130        0x7 ..\obj\tm_stm32f4_hd44780.o
 *fill*         0x20000137        0x1 
 .bss           0x20000138       0x18 ..\obj\main.o
                0x20000138                switcher
                0x2000013c                flag
                0x20000140                user_flag
                0x20000144                pom
                0x20000148                pom2
                0x2000014c                index
 .bss           0x20000150       0x28 ..\obj\tm_stm32f4_delay.o
                0x20000150                TM_TimingDelay
                0x20000154                TM_Time
                0x20000158                TM_Time2
                0x2000015c                TM_DELAY_Initialized
 .bss           0x20000178        0xd ..\obj\usbd_req.o
                0x20000178                USBD_ep_status
                0x2000017c                USBD_default_cfg
                0x20000180                USBD_cfg_status
 *fill*         0x20000185        0x3 
 .bss           0x20000188       0x1c ..\obj\usbd_cdc_core.o
                0x2000018c                APP_Rx_ptr_in
                0x20000190                APP_Rx_ptr_out
                0x20000194                APP_Rx_length
                0x20000198                USB_Tx_State
 .bss           0x200001a4       0x16 ..\obj\tm_stm32f4_gpio.o
 *(COMMON)
 *fill*         0x200001ba        0x2 
 COMMON         0x200001bc     0x1458 ..\obj\main.o
                0x200001bc                ticker
                0x200001c0                user_pom
                0x200001e0                msg
                0x200006e0                user
                0x20000700                view
                0x20000800                downTicker
                0x20000804                data
                0x20001004                USB_OTG_dev
                0x200015f4                date
 COMMON         0x20001614        0x4 ..\obj\tm_stm32f4_delay.o
                0x20001614                mult
 COMMON         0x20001618      0x818 ..\obj\usbd_cdc_vcp.o
                0x20001618                APP_Tx_Buffer
                0x20001e18                APP_tx_ptr_tail
                0x20001e1c                USART_InitStructure
                0x20001e2c                APP_tx_ptr_head
 COMMON         0x20001e30       0x32 ..\obj\usbd_req.o
                0x20001e30                USBD_StrDesc
 *fill*         0x20001e62        0x2 
 COMMON         0x20001e64      0x88c ..\obj\usbd_cdc_core.o
                0x20001e64                usbd_cdc_OtherCfgDesc
                0x20001ea8                USB_Rx_Buffer
                0x20001ee8                CmdBuff
                0x20001ef0                APP_Rx_Buffer
                0x200026f0                . = ALIGN (0x4)
                0x200026f0                __bss_end__ = .
                0x200026f0                _ebss = __bss_end__

.heap           0x200026f0        0x0
                0x200026f0                __end__ = .
                0x200026f0                _end = __end__
                0x200026f0                end = __end__
 *(.heap*)
                0x200026f0                __HeapLimit = .

.co_stack       0x200026f0      0x800 load address 0x0800858c
                0x200026f0                . = ALIGN (0x8)
 *(.co_stack .co_stack.*)
 .co_stack      0x200026f0      0x800 ..\obj\startup_stm32f4xx.o
                0x200026f0                pulStack
                0x20020000                __StackTop = (ORIGIN (ram) + LENGTH (ram))
                0x2001f800                __StackLimit = (__StackTop - SIZEOF (.co_stack))
                [!provide]                PROVIDE (__stack, __StackTop)
                0x00000001                ASSERT ((__StackLimit >= __HeapLimit), region ram  overflowed with stack)
LOAD ..\obj\stm32f4xx_syscfg.o
LOAD ..\obj\usb_core.o
LOAD ..\obj\tm_stm32f4_hd44780.o
LOAD ..\obj\usbd_usr.o
LOAD ..\obj\startup_stm32f4xx.o
LOAD ..\obj\usbd_core.o
LOAD ..\obj\main.o
LOAD ..\obj\stm32f4xx_rcc.o
LOAD ..\obj\stm32f4xx_adc.o
LOAD ..\obj\tm_stm32f4_delay.o
LOAD ..\obj\usbd_desc.o
LOAD ..\obj\stm32f4xx_gpio.o
LOAD ..\obj\usbd_cdc_vcp.o
LOAD ..\obj\system_stm32f4xx.o
LOAD ..\obj\syscalls.o
LOAD ..\obj\usb_bsp.o
LOAD ..\obj\usbd_req.o
LOAD ..\obj\usb_dcd_int.o
LOAD ..\obj\usbd_cdc_core.o
LOAD ..\obj\stm32f4xx_spi.o
LOAD ..\obj\stm32f4xx_exti.o
LOAD ..\obj\misc.o
LOAD ..\obj\usb_dcd.o
LOAD ..\obj\tm_stm32f4_gpio.o
LOAD ..\obj\usbd_ioreq.o
LOAD ..\obj\tm_stm32f4_timer_properties.o
LOAD ..\obj\stm32f4xx_tim.o
START GROUP
LOAD c:/program files (x86)/gnu tools arm embedded/5.4 2016q3/bin/../lib/gcc/arm-none-eabi/5.4.1/armv7e-m\libgcc.a
LOAD c:/program files (x86)/gnu tools arm embedded/5.4 2016q3/bin/../lib/gcc/arm-none-eabi/5.4.1/../../../../arm-none-eabi/lib/armv7e-m\libg.a
LOAD c:/program files (x86)/gnu tools arm embedded/5.4 2016q3/bin/../lib/gcc/arm-none-eabi/5.4.1/../../../../arm-none-eabi/lib/armv7e-m\libc.a
END GROUP
OUTPUT(STFacebookDisp.elf elf32-littlearm)

.debug_info     0x00000000    0x128ee
 .debug_info    0x00000000      0x274 ..\obj\stm32f4xx_syscfg.o
 .debug_info    0x00000274     0x2537 ..\obj\usb_core.o
 .debug_info    0x000027ab      0x58a ..\obj\tm_stm32f4_hd44780.o
 .debug_info    0x00002d35      0x1cb ..\obj\usbd_usr.o
 .debug_info    0x00002f00       0xf2 ..\obj\startup_stm32f4xx.o
 .debug_info    0x00002ff2      0xead ..\obj\usbd_core.o
 .debug_info    0x00003e9f     0x1cbd ..\obj\main.o
 .debug_info    0x00005b5c      0xc63 ..\obj\stm32f4xx_rcc.o
 .debug_info    0x000067bf      0xc40 ..\obj\stm32f4xx_adc.o
 .debug_info    0x000073ff      0xa24 ..\obj\tm_stm32f4_delay.o
 .debug_info    0x00007e23      0x363 ..\obj\usbd_desc.o
 .debug_info    0x00008186      0x61a ..\obj\stm32f4xx_gpio.o
 .debug_info    0x000087a0      0x4b3 ..\obj\usbd_cdc_vcp.o
 .debug_info    0x00008c53      0x5c5 ..\obj\system_stm32f4xx.o
 .debug_info    0x00009218     0x102a ..\obj\usb_bsp.o
 .debug_info    0x0000a242      0xfaf ..\obj\usbd_req.o
 .debug_info    0x0000b1f1     0x1da6 ..\obj\usb_dcd_int.o
 .debug_info    0x0000cf97      0xf06 ..\obj\usbd_cdc_core.o
 .debug_info    0x0000de9d      0x357 ..\obj\stm32f4xx_exti.o
 .debug_info    0x0000e1f4      0x556 ..\obj\misc.o
 .debug_info    0x0000e74a     0x1033 ..\obj\usb_dcd.o
 .debug_info    0x0000f77d      0x83d ..\obj\tm_stm32f4_gpio.o
 .debug_info    0x0000ffba      0xccb ..\obj\usbd_ioreq.o
 .debug_info    0x00010c85     0x1c69 ..\obj\stm32f4xx_tim.o

.debug_abbrev   0x00000000     0x2c2b
 .debug_abbrev  0x00000000      0x133 ..\obj\stm32f4xx_syscfg.o
 .debug_abbrev  0x00000133      0x2eb ..\obj\usb_core.o
 .debug_abbrev  0x0000041e      0x1de ..\obj\tm_stm32f4_hd44780.o
 .debug_abbrev  0x000005fc       0xdd ..\obj\usbd_usr.o
 .debug_abbrev  0x000006d9       0xb0 ..\obj\startup_stm32f4xx.o
 .debug_abbrev  0x00000789      0x21f ..\obj\usbd_core.o
 .debug_abbrev  0x000009a8      0x388 ..\obj\main.o
 .debug_abbrev  0x00000d30      0x1e5 ..\obj\stm32f4xx_rcc.o
 .debug_abbrev  0x00000f15      0x198 ..\obj\stm32f4xx_adc.o
 .debug_abbrev  0x000010ad      0x2cf ..\obj\tm_stm32f4_delay.o
 .debug_abbrev  0x0000137c      0x12c ..\obj\usbd_desc.o
 .debug_abbrev  0x000014a8      0x1a7 ..\obj\stm32f4xx_gpio.o
 .debug_abbrev  0x0000164f      0x18b ..\obj\usbd_cdc_vcp.o
 .debug_abbrev  0x000017da      0x138 ..\obj\system_stm32f4xx.o
 .debug_abbrev  0x00001912      0x23a ..\obj\usb_bsp.o
 .debug_abbrev  0x00001b4c      0x295 ..\obj\usbd_req.o
 .debug_abbrev  0x00001de1      0x25d ..\obj\usb_dcd_int.o
 .debug_abbrev  0x0000203e      0x217 ..\obj\usbd_cdc_core.o
 .debug_abbrev  0x00002255      0x1a9 ..\obj\stm32f4xx_exti.o
 .debug_abbrev  0x000023fe      0x147 ..\obj\misc.o
 .debug_abbrev  0x00002545      0x25b ..\obj\usb_dcd.o
 .debug_abbrev  0x000027a0      0x151 ..\obj\tm_stm32f4_gpio.o
 .debug_abbrev  0x000028f1      0x1b1 ..\obj\usbd_ioreq.o
 .debug_abbrev  0x00002aa2      0x189 ..\obj\stm32f4xx_tim.o

.debug_aranges  0x00000000      0xf50
 .debug_aranges
                0x00000000       0x48 ..\obj\stm32f4xx_syscfg.o
 .debug_aranges
                0x00000048      0x138 ..\obj\usb_core.o
 .debug_aranges
                0x00000180       0xb8 ..\obj\tm_stm32f4_hd44780.o
 .debug_aranges
                0x00000238       0x50 ..\obj\usbd_usr.o
 .debug_aranges
                0x00000288       0x28 ..\obj\startup_stm32f4xx.o
 .debug_aranges
                0x000002b0       0x80 ..\obj\usbd_core.o
 .debug_aranges
                0x00000330       0xc0 ..\obj\main.o
 .debug_aranges
                0x000003f0      0x178 ..\obj\stm32f4xx_rcc.o
 .debug_aranges
                0x00000568      0x148 ..\obj\stm32f4xx_adc.o
 .debug_aranges
                0x000006b0       0x80 ..\obj\tm_stm32f4_delay.o
 .debug_aranges
                0x00000730       0x50 ..\obj\usbd_desc.o
 .debug_aranges
                0x00000780       0x88 ..\obj\stm32f4xx_gpio.o
 .debug_aranges
                0x00000808       0x70 ..\obj\usbd_cdc_vcp.o
 .debug_aranges
                0x00000878       0x30 ..\obj\system_stm32f4xx.o
 .debug_aranges
                0x000008a8       0x48 ..\obj\usb_bsp.o
 .debug_aranges
                0x000008f0       0x88 ..\obj\usbd_req.o
 .debug_aranges
                0x00000978       0x80 ..\obj\usb_dcd_int.o
 .debug_aranges
                0x000009f8       0x60 ..\obj\usbd_cdc_core.o
 .debug_aranges
                0x00000a58       0x58 ..\obj\stm32f4xx_exti.o
 .debug_aranges
                0x00000ab0       0x40 ..\obj\misc.o
 .debug_aranges
                0x00000af0       0x80 ..\obj\usb_dcd.o
 .debug_aranges
                0x00000b70       0x98 ..\obj\tm_stm32f4_gpio.o
 .debug_aranges
                0x00000c08       0x50 ..\obj\usbd_ioreq.o
 .debug_aranges
                0x00000c58      0x2f8 ..\obj\stm32f4xx_tim.o

.debug_ranges   0x00000000      0xdd0
 .debug_ranges  0x00000000       0x38 ..\obj\stm32f4xx_syscfg.o
 .debug_ranges  0x00000038      0x128 ..\obj\usb_core.o
 .debug_ranges  0x00000160       0xa8 ..\obj\tm_stm32f4_hd44780.o
 .debug_ranges  0x00000208       0x40 ..\obj\usbd_usr.o
 .debug_ranges  0x00000248       0x18 ..\obj\startup_stm32f4xx.o
 .debug_ranges  0x00000260       0x70 ..\obj\usbd_core.o
 .debug_ranges  0x000002d0       0xb0 ..\obj\main.o
 .debug_ranges  0x00000380      0x168 ..\obj\stm32f4xx_rcc.o
 .debug_ranges  0x000004e8      0x138 ..\obj\stm32f4xx_adc.o
 .debug_ranges  0x00000620       0x70 ..\obj\tm_stm32f4_delay.o
 .debug_ranges  0x00000690       0x40 ..\obj\usbd_desc.o
 .debug_ranges  0x000006d0       0x78 ..\obj\stm32f4xx_gpio.o
 .debug_ranges  0x00000748       0x60 ..\obj\usbd_cdc_vcp.o
 .debug_ranges  0x000007a8       0x20 ..\obj\system_stm32f4xx.o
 .debug_ranges  0x000007c8       0x38 ..\obj\usb_bsp.o
 .debug_ranges  0x00000800       0x78 ..\obj\usbd_req.o
 .debug_ranges  0x00000878       0x70 ..\obj\usb_dcd_int.o
 .debug_ranges  0x000008e8       0x50 ..\obj\usbd_cdc_core.o
 .debug_ranges  0x00000938       0x48 ..\obj\stm32f4xx_exti.o
 .debug_ranges  0x00000980       0x30 ..\obj\misc.o
 .debug_ranges  0x000009b0       0x70 ..\obj\usb_dcd.o
 .debug_ranges  0x00000a20       0x88 ..\obj\tm_stm32f4_gpio.o
 .debug_ranges  0x00000aa8       0x40 ..\obj\usbd_ioreq.o
 .debug_ranges  0x00000ae8      0x2e8 ..\obj\stm32f4xx_tim.o

.debug_line     0x00000000     0x5ef4
 .debug_line    0x00000000      0x243 ..\obj\stm32f4xx_syscfg.o
 .debug_line    0x00000243      0x702 ..\obj\usb_core.o
 .debug_line    0x00000945      0x4a3 ..\obj\tm_stm32f4_hd44780.o
 .debug_line    0x00000de8      0x236 ..\obj\usbd_usr.o
 .debug_line    0x0000101e       0xa9 ..\obj\startup_stm32f4xx.o
 .debug_line    0x000010c7      0x360 ..\obj\usbd_core.o
 .debug_line    0x00001427      0x7b3 ..\obj\main.o
 .debug_line    0x00001bda      0x5e5 ..\obj\stm32f4xx_rcc.o
 .debug_line    0x000021bf      0x59d ..\obj\stm32f4xx_adc.o
 .debug_line    0x0000275c      0x3e6 ..\obj\tm_stm32f4_delay.o
 .debug_line    0x00002b42      0x25a ..\obj\usbd_desc.o
 .debug_line    0x00002d9c      0x3a0 ..\obj\stm32f4xx_gpio.o
 .debug_line    0x0000313c      0x35f ..\obj\usbd_cdc_vcp.o
 .debug_line    0x0000349b      0x212 ..\obj\system_stm32f4xx.o
 .debug_line    0x000036ad      0x301 ..\obj\usb_bsp.o
 .debug_line    0x000039ae      0x448 ..\obj\usbd_req.o
 .debug_line    0x00003df6      0x3c2 ..\obj\usb_dcd_int.o
 .debug_line    0x000041b8      0x329 ..\obj\usbd_cdc_core.o
 .debug_line    0x000044e1      0x2e1 ..\obj\stm32f4xx_exti.o
 .debug_line    0x000047c2      0x27e ..\obj\misc.o
 .debug_line    0x00004a40      0x34d ..\obj\usb_dcd.o
 .debug_line    0x00004d8d      0x3f2 ..\obj\tm_stm32f4_gpio.o
 .debug_line    0x0000517f      0x274 ..\obj\usbd_ioreq.o
 .debug_line    0x000053f3      0xb01 ..\obj\stm32f4xx_tim.o

.debug_str      0x00000000     0x5298
 .debug_str     0x00000000      0x29e ..\obj\stm32f4xx_syscfg.o
                                0x2fc (size before relaxing)
 .debug_str     0x0000029e     0x122c ..\obj\usb_core.o
                               0x1693 (size before relaxing)
 .debug_str     0x000014ca      0x39d ..\obj\tm_stm32f4_hd44780.o
                                0x516 (size before relaxing)
 .debug_str     0x00001867       0xed ..\obj\usbd_usr.o
                                0x2b3 (size before relaxing)
 .debug_str     0x00001954       0xb8 ..\obj\startup_stm32f4xx.o
                                0x14f (size before relaxing)
 .debug_str     0x00001a0c      0x196 ..\obj\usbd_core.o
                                0xad9 (size before relaxing)
 .debug_str     0x00001ba2      0xcbd ..\obj\main.o
                               0x16e8 (size before relaxing)
 .debug_str     0x0000285f      0x644 ..\obj\stm32f4xx_rcc.o
                                0x858 (size before relaxing)
 .debug_str     0x00002ea3      0x506 ..\obj\stm32f4xx_adc.o
                                0x80c (size before relaxing)
 .debug_str     0x000033a9      0x208 ..\obj\tm_stm32f4_delay.o
                                0x9dd (size before relaxing)
 .debug_str     0x000035b1      0x15d ..\obj\usbd_desc.o
                                0x38c (size before relaxing)
 .debug_str     0x0000370e      0x18f ..\obj\stm32f4xx_gpio.o
                                0x4ab (size before relaxing)
 .debug_str     0x0000389d      0x240 ..\obj\usbd_cdc_vcp.o
                                0x3be (size before relaxing)
 .debug_str     0x00003add       0xbc ..\obj\system_stm32f4xx.o
                                0x3b2 (size before relaxing)
 .debug_str     0x00003b99       0xd3 ..\obj\usb_bsp.o
                               0x10da (size before relaxing)
 .debug_str     0x00003c6c      0x17c ..\obj\usbd_req.o
                                0xb04 (size before relaxing)
 .debug_str     0x00003de8      0x291 ..\obj\usb_dcd_int.o
                               0x1291 (size before relaxing)
 .debug_str     0x00004079      0x199 ..\obj\usbd_cdc_core.o
                                0xb21 (size before relaxing)
 .debug_str     0x00004212      0x108 ..\obj\stm32f4xx_exti.o
                                0x361 (size before relaxing)
 .debug_str     0x0000431a      0x114 ..\obj\misc.o
                                0x3d6 (size before relaxing)
 .debug_str     0x0000442e      0x117 ..\obj\usb_dcd.o
                                0xb33 (size before relaxing)
 .debug_str     0x00004545      0x1f3 ..\obj\tm_stm32f4_gpio.o
                                0x5ba (size before relaxing)
 .debug_str     0x00004738       0xd2 ..\obj\usbd_ioreq.o
                                0x9c3 (size before relaxing)
 .debug_str     0x0000480a      0xa8e ..\obj\stm32f4xx_tim.o
                                0xdd8 (size before relaxing)

.comment        0x00000000       0x6e
 .comment       0x00000000       0x6e ..\obj\stm32f4xx_syscfg.o
                                 0x6f (size before relaxing)
 .comment       0x0000006e       0x6f ..\obj\usb_core.o
 .comment       0x0000006e       0x6f ..\obj\tm_stm32f4_hd44780.o
 .comment       0x0000006e       0x6f ..\obj\usbd_usr.o
 .comment       0x0000006e       0x6f ..\obj\startup_stm32f4xx.o
 .comment       0x0000006e       0x6f ..\obj\usbd_core.o
 .comment       0x0000006e       0x6f ..\obj\main.o
 .comment       0x0000006e       0x6f ..\obj\stm32f4xx_rcc.o
 .comment       0x0000006e       0x6f ..\obj\stm32f4xx_adc.o
 .comment       0x0000006e       0x6f ..\obj\tm_stm32f4_delay.o
 .comment       0x0000006e       0x6f ..\obj\usbd_desc.o
 .comment       0x0000006e       0x6f ..\obj\stm32f4xx_gpio.o
 .comment       0x0000006e       0x6f ..\obj\usbd_cdc_vcp.o
 .comment       0x0000006e       0x6f ..\obj\system_stm32f4xx.o
 .comment       0x0000006e       0x6f ..\obj\usb_bsp.o
 .comment       0x0000006e       0x6f ..\obj\usbd_req.o
 .comment       0x0000006e       0x6f ..\obj\usb_dcd_int.o
 .comment       0x0000006e       0x6f ..\obj\usbd_cdc_core.o
 .comment       0x0000006e       0x6f ..\obj\stm32f4xx_exti.o
 .comment       0x0000006e       0x6f ..\obj\misc.o
 .comment       0x0000006e       0x6f ..\obj\usb_dcd.o
 .comment       0x0000006e       0x6f ..\obj\tm_stm32f4_gpio.o
 .comment       0x0000006e       0x6f ..\obj\usbd_ioreq.o
 .comment       0x0000006e       0x6f ..\obj\stm32f4xx_tim.o

.ARM.attributes
                0x00000000       0x33
 .ARM.attributes
                0x00000000       0x33 ..\obj\stm32f4xx_syscfg.o
 .ARM.attributes
                0x00000033       0x33 ..\obj\usb_core.o
 .ARM.attributes
                0x00000066       0x33 ..\obj\tm_stm32f4_hd44780.o
 .ARM.attributes
                0x00000099       0x33 ..\obj\usbd_usr.o
 .ARM.attributes
                0x000000cc       0x33 ..\obj\startup_stm32f4xx.o
 .ARM.attributes
                0x000000ff       0x33 ..\obj\usbd_core.o
 .ARM.attributes
                0x00000132       0x33 ..\obj\main.o
 .ARM.attributes
                0x00000165       0x33 ..\obj\stm32f4xx_rcc.o
 .ARM.attributes
                0x00000198       0x33 ..\obj\stm32f4xx_adc.o
 .ARM.attributes
                0x000001cb       0x33 ..\obj\tm_stm32f4_delay.o
 .ARM.attributes
                0x000001fe       0x33 ..\obj\usbd_desc.o
 .ARM.attributes
                0x00000231       0x33 ..\obj\stm32f4xx_gpio.o
 .ARM.attributes
                0x00000264       0x33 ..\obj\usbd_cdc_vcp.o
 .ARM.attributes
                0x00000297       0x33 ..\obj\system_stm32f4xx.o
 .ARM.attributes
                0x000002ca       0x33 ..\obj\usb_bsp.o
 .ARM.attributes
                0x000002fd       0x33 ..\obj\usbd_req.o
 .ARM.attributes
                0x00000330       0x33 ..\obj\usb_dcd_int.o
 .ARM.attributes
                0x00000363       0x33 ..\obj\usbd_cdc_core.o
 .ARM.attributes
                0x00000396       0x33 ..\obj\stm32f4xx_exti.o
 .ARM.attributes
                0x000003c9       0x33 ..\obj\misc.o
 .ARM.attributes
                0x000003fc       0x33 ..\obj\usb_dcd.o
 .ARM.attributes
                0x0000042f       0x33 ..\obj\tm_stm32f4_gpio.o
 .ARM.attributes
                0x00000462       0x33 ..\obj\usbd_ioreq.o
 .ARM.attributes
                0x00000495       0x33 ..\obj\stm32f4xx_tim.o

.debug_frame    0x00000000     0x3f24
 .debug_frame   0x00000000       0xf4 ..\obj\stm32f4xx_syscfg.o
 .debug_frame   0x000000f4      0x584 ..\obj\usb_core.o
 .debug_frame   0x00000678      0x29c ..\obj\tm_stm32f4_hd44780.o
 .debug_frame   0x00000914       0xf8 ..\obj\usbd_usr.o
 .debug_frame   0x00000a0c       0x4c ..\obj\startup_stm32f4xx.o
 .debug_frame   0x00000a58      0x1e8 ..\obj\usbd_core.o
 .debug_frame   0x00000c40      0x2a4 ..\obj\main.o
 .debug_frame   0x00000ee4      0x6d4 ..\obj\stm32f4xx_rcc.o
 .debug_frame   0x000015b8      0x5ec ..\obj\stm32f4xx_adc.o
 .debug_frame   0x00001ba4      0x1ec ..\obj\tm_stm32f4_delay.o
 .debug_frame   0x00001d90      0x114 ..\obj\usbd_desc.o
 .debug_frame   0x00001ea4      0x23c ..\obj\stm32f4xx_gpio.o
 .debug_frame   0x000020e0      0x1a4 ..\obj\usbd_cdc_vcp.o
 .debug_frame   0x00002284       0x7c ..\obj\system_stm32f4xx.o
 .debug_frame   0x00002300       0xf4 ..\obj\usb_bsp.o
 .debug_frame   0x000023f4      0x210 ..\obj\usbd_req.o
 .debug_frame   0x00002604      0x1e8 ..\obj\usb_dcd_int.o
 .debug_frame   0x000027ec      0x158 ..\obj\usbd_cdc_core.o
 .debug_frame   0x00002944      0x148 ..\obj\stm32f4xx_exti.o
 .debug_frame   0x00002a8c       0xd8 ..\obj\misc.o
 .debug_frame   0x00002b64      0x1e8 ..\obj\usb_dcd.o
 .debug_frame   0x00002d4c      0x274 ..\obj\tm_stm32f4_gpio.o
 .debug_frame   0x00002fc0      0x110 ..\obj\usbd_ioreq.o
 .debug_frame   0x000030d0      0xe54 ..\obj\stm32f4xx_tim.o
